// Jest Snapshot v1, https://goo.gl/fbAQLP

exports[`Role list Render columns render Customization column 1`] = `
<EuiFlexGroup
  alignItems="center"
  gutterSize="xs"
>
  <EuiFlexItem
    grow={false}
  >
    <EuiIcon
      type="lock"
    />
  </EuiFlexItem>
  <EuiFlexItem
    grow={false}
  >
    <EuiText
      className="table-items"
      data-test-subj="filter-reserved"
    >
      Reserved
    </EuiText>
  </EuiFlexItem>
</EuiFlexGroup>
`;

exports[`Role list Render columns render role name column 1`] = `
<a
  href="#/roles/view/role1"
>
  role1
</a>
`;

exports[`Role list Render unable to access dataSource when enabled and inaccessible 1`] = `
<Fragment>
  <Memo()
    config={Object {}}
    coreStart={
      Object {
        "http": 1,
      }
    }
    depsStart={
      Object {
        "dataSource": Object {
          "dataSourceEnabled": true,
        },
      }
    }
    navigation={Object {}}
    params={Object {}}
  />
</Fragment>
`;
