// Jest Snapshot v1, https://goo.gl/fbAQLP

exports[`Service Account list AccessError component should load access error component 1`] = `
<Fragment>
  <Memo()
    config={Object {}}
    coreStart={
      Object {
        "http": 1,
      }
    }
    dataSourcePickerReadOnly={true}
    navigation={Object {}}
    params={Object {}}
    selectedDataSource={
      Object {
        "id": "",
        "label": "Local cluster",
      }
    }
    setDataSource={[Function]}
  />
  <EuiPageHeader>
    <EuiTitle
      size="l"
    >
      <h1>
        Service accounts
      </h1>
    </EuiTitle>
  </EuiPageHeader>
  <AccessErrorComponent
    dataSourceLabel="Local cluster"
    loading={false}
  />
</Fragment>
`;
