// Jest Snapshot v1, https://goo.gl/fbAQLP

exports[`Password edit panel repeat password field update 1`] = `
<Fragment>
  <EuiFlexGroup
    direction="row"
  >
    <EuiFlexItem
      grow={false}
    >
      <FormRow
        headerText="Password"
        helpText="Password should be at least 8 characters long and contain at least one uppercase letter, one lowercase letter, one digit, and one special character."
      >
        <EuiFieldPassword
          compressed={false}
          data-test-subj="password"
          fullWidth={false}
          isLoading={false}
          onChange={[Function]}
          type="dual"
        />
      </FormRow>
      <EuiFormRow
        describedByIds={Array []}
        display="row"
        fullWidth={false}
        hasChildLabel={true}
        hasEmptyLabelSpace={false}
        labelType="label"
      >
        <PasswordStrengthBar
          password=""
        />
      </EuiFormRow>
    </EuiFlexItem>
  </EuiFlexGroup>
  <FormRow
    headerText="Re-enter password"
    helpText="The password must be identical to what you entered above."
  >
    <EuiFieldPassword
      compressed={false}
      data-test-subj="re-enter-password"
      fullWidth={false}
      isInvalid={false}
      isLoading={false}
      onChange={[Function]}
      type="dual"
    />
  </FormRow>
</Fragment>
`;
