// Jest Snapshot v1, https://goo.gl/fbAQLP

exports[`Account menu - Role info panel renders 1`] = `
<EuiOverlayMask>
  <EuiModal
    data-test-subj="role-info-modal"
    onClose={[MockFunction]}
  >
    <EuiSpacer />
    <EuiModalBody>
      <EuiTitle>
        <h4>
          Roles (
          2
          )
        </h4>
      </EuiTitle>
      <EuiText
        color="subdued"
      >
        Roles you are currently mapped to by your administrator.
      </EuiText>
      <EuiSpacer />
      <EuiText
        key="role1"
      >
        role1
        <br />
      </EuiText>
      <EuiText
        key="role2"
      >
        role2
        <br />
      </EuiText>
      <EuiHorizontalRule />
      <EuiTitle>
        <h4>
          Backend roles (
          2
          )
        </h4>
      </EuiTitle>
      <EuiText
        color="subdued"
      >
        Backend roles you are currently mapped to by your administrator.
      </EuiText>
      <EuiSpacer />
      <EuiText
        key="backend_role1"
      >
        backend_role1
        <br />
      </EuiText>
      <EuiText
        key="backend_role2"
      >
        backend_role2
        <br />
      </EuiText>
    </EuiModalBody>
  </EuiModal>
</EuiOverlayMask>
`;
