// Jest Snapshot v1, https://goo.gl/fbAQLP

exports[`Role view - tenant panel Tenant permission list render view dashboard column when tenant is invalid 1`] = `
<Fragment>
  <EuiText
    size="s"
  >
    N/A
  </EuiText>
</Fragment>
`;

exports[`Role view - tenant panel Tenant permission list render view visualization column when tenant is invalid 1`] = `
<Fragment>
  <EuiText
    size="s"
  >
    N/A
  </EuiText>
</Fragment>
`;
