// Jest Snapshot v1, https://goo.gl/fbAQLP

exports[`Role mapping edit Render unable to access dataSource when enabled and inaccessible 1`] = `
<Memo()
  buildBreadcrumbs={[MockFunction]}
  config={Object {}}
  coreStart={
    Object {
      "http": 1,
    }
  }
  depsStart={
    Object {
      "dataSource": Object {
        "dataSourceEnabled": true,
      },
    }
  }
  params={Object {}}
  roleName="role"
/>
`;
