// Jest Snapshot v1, https://goo.gl/fbAQLP

exports[`Role edit Render unable to access dataSource when enabled and inaccessible 1`] = `
<Fragment>
  <Memo()
    action=""
    buildBreadcrumbs={
      [MockFunction] {
        "calls": Array [
          Array [
            undefined,
          ],
        ],
        "results": Array [
          Object {
            "type": "return",
            "value": undefined,
          },
        ],
      }
    }
    config={Object {}}
    coreStart={
      Object {
        "http": 1,
      }
    }
    dataSourcePickerReadOnly={true}
    depsStart={
      Object {
        "dataSource": Object {
          "dataSourceEnabled": true,
        },
      }
    }
    params={Object {}}
    selectedDataSource={
      Object {
        "id": "test",
      }
    }
    setDataSource={[MockFunction]}
    sourceRoleName="role"
  />
  <EuiPageHeader>
    <EuiText
      className="panel-header-subtext"
      color="subdued"
      size="xs"
    >
      <EuiTitle
        size="m"
      >
        <h1 />
      </EuiTitle>
      Roles are the core way of controlling access to your cluster. Roles contain any combination of cluster-wide permission, index-specific permissions, document- and field-level security, and tenants. Once you've created the role, you can map users to the roles so that users gain those permissions.
       
      <ExternalLink
        href="https://opensearch.org/docs/latest/security-plugin/access-control/users-roles/"
      />
    </EuiText>
  </EuiPageHeader>
  <PanelWithHeader
    headerText="Name"
  >
    <EuiForm>
      <NameRow
        action=""
        headerSubText="Specify a descriptive and unique role name. You cannot edit the name once the role is created."
        headerText="Name"
        resourceName=""
        resourceType="role"
        setIsFormValid={[Function]}
        setNameState={[MockFunction]}
      />
    </EuiForm>
  </PanelWithHeader>
  <EuiSpacer
    size="m"
  />
  <ClusterPermissionPanel
    optionUniverse={
      Array [
        Object {
          "label": "Cluster permission groups",
          "options": Array [],
        },
        Object {
          "label": "Other permission groups",
          "options": Array [],
        },
        Object {
          "label": "Cluster permissions",
          "options": Array [
            Object {
              "label": "cluster:admin/component_template/delete",
            },
            Object {
              "label": "cluster:admin/component_template/get",
            },
            Object {
              "label": "cluster:admin/component_template/put",
            },
            Object {
              "label": "cluster:admin/decommission/awareness/delete",
            },
            Object {
              "label": "cluster:admin/decommission/awareness/get",
            },
            Object {
              "label": "cluster:admin/decommission/awareness/put",
            },
            Object {
              "label": "cluster:admin/indices/dangling/delete",
            },
            Object {
              "label": "cluster:admin/indices/dangling/find",
            },
            Object {
              "label": "cluster:admin/indices/dangling/import",
            },
            Object {
              "label": "cluster:admin/indices/dangling/list",
            },
            Object {
              "label": "cluster:admin/ingest/pipeline/delete",
            },
            Object {
              "label": "cluster:admin/ingest/pipeline/get",
            },
            Object {
              "label": "cluster:admin/ingest/pipeline/put",
            },
            Object {
              "label": "cluster:admin/ingest/pipeline/simulate",
            },
            Object {
              "label": "cluster:admin/ingest/processor/grok/get",
            },
            Object {
              "label": "cluster:admin/nodes/reload_secure_settings",
            },
            Object {
              "label": "cluster:admin/persistent/completion",
            },
            Object {
              "label": "cluster:admin/persistent/remove",
            },
            Object {
              "label": "cluster:admin/persistent/start",
            },
            Object {
              "label": "cluster:admin/persistent/update_status",
            },
            Object {
              "label": "cluster:admin/remotestore/restore",
            },
            Object {
              "label": "cluster:admin/opendistro/ad/detector/delete",
            },
            Object {
              "label": "cluster:admin/opendistro/ad/detector/info",
            },
            Object {
              "label": "cluster:admin/opendistro/ad/detector/jobmanagement",
            },
            Object {
              "label": "cluster:admin/opendistro/ad/detector/preview",
            },
            Object {
              "label": "cluster:admin/opendistro/ad/detector/run",
            },
            Object {
              "label": "cluster:admin/opendistro/ad/detector/search",
            },
            Object {
              "label": "cluster:admin/opendistro/ad/detector/stats",
            },
            Object {
              "label": "cluster:admin/opendistro/ad/detector/write",
            },
            Object {
              "label": "cluster:admin/opendistro/ad/detectors/get",
            },
            Object {
              "label": "cluster:admin/opendistro/ad/detector/validate",
            },
            Object {
              "label": "cluster:admin/opendistro/ad/result/search",
            },
            Object {
              "label": "cluster:admin/opendistro/ad/result/topAnomalies",
            },
            Object {
              "label": "cluster:admin/opendistro/ad/tasks/search",
            },
            Object {
              "label": "cluster:admin/opendistro/alerting/alerts/ack",
            },
            Object {
              "label": "cluster:admin/opendistro/alerting/alerts/get",
            },
            Object {
              "label": "cluster:admin/opendistro/alerting/destination/delete",
            },
            Object {
              "label": "cluster:admin/opendistro/alerting/destination/email_account/delete",
            },
            Object {
              "label": "cluster:admin/opendistro/alerting/destination/email_account/get",
            },
            Object {
              "label": "cluster:admin/opendistro/alerting/destination/email_account/search",
            },
            Object {
              "label": "cluster:admin/opendistro/alerting/destination/email_account/write",
            },
            Object {
              "label": "cluster:admin/opendistro/alerting/destination/email_group/delete",
            },
            Object {
              "label": "cluster:admin/opendistro/alerting/destination/email_group/get",
            },
            Object {
              "label": "cluster:admin/opendistro/alerting/destination/email_group/search",
            },
            Object {
              "label": "cluster:admin/opendistro/alerting/destination/email_group/write",
            },
            Object {
              "label": "cluster:admin/opendistro/alerting/destination/get",
            },
            Object {
              "label": "cluster:admin/opendistro/alerting/destination/write",
            },
            Object {
              "label": "cluster:admin/opendistro/alerting/monitor/delete",
            },
            Object {
              "label": "cluster:admin/opendistro/alerting/monitor/execute",
            },
            Object {
              "label": "cluster:admin/opendistro/alerting/monitor/get",
            },
            Object {
              "label": "cluster:admin/opendistro/alerting/monitor/search",
            },
            Object {
              "label": "cluster:admin/opendistro/alerting/monitor/write",
            },
            Object {
              "label": "cluster:admin/opendistro/ism/managedindex/add",
            },
            Object {
              "label": "cluster:admin/opendistro/ism/managedindex/change",
            },
            Object {
              "label": "cluster:admin/opendistro/ism/managedindex/remove",
            },
            Object {
              "label": "cluster:admin/opendistro/ism/managedindex/explain",
            },
            Object {
              "label": "cluster:admin/opendistro/ism/managedindex/retry",
            },
            Object {
              "label": "cluster:admin/opendistro/ism/policy/write",
            },
            Object {
              "label": "cluster:admin/opendistro/ism/policy/get",
            },
            Object {
              "label": "cluster:admin/opendistro/ism/policy/search",
            },
            Object {
              "label": "cluster:admin/opendistro/ism/policy/delete",
            },
            Object {
              "label": "cluster:admin/opensearch/controlcenter/lron/get",
            },
            Object {
              "label": "cluster:admin/opensearch/controlcenter/lron/delete",
            },
            Object {
              "label": "cluster:admin/opensearch/controlcenter/lron/write",
            },
            Object {
              "label": "cluster:admin/opensearch/flow_framework/workflow/create",
            },
            Object {
              "label": "cluster:admin/opensearch/flow_framework/workflow/delete",
            },
            Object {
              "label": "cluster:admin/opensearch/flow_framework/workflow/deprovision",
            },
            Object {
              "label": "cluster:admin/opensearch/flow_framework/workflow/get",
            },
            Object {
              "label": "cluster:admin/opensearch/flow_framework/workflow/provision",
            },
            Object {
              "label": "cluster:admin/opensearch/flow_framework/workflow/search",
            },
            Object {
              "label": "cluster:admin/opensearch/flow_framework/workflow_state/get",
            },
            Object {
              "label": "cluster:admin/opensearch/flow_framework/workflow_state/search",
            },
            Object {
              "label": "cluster:admin/opensearch/flow_framework/workflow_step/get",
            },
            Object {
              "label": "cluster:admin/opensearch/notifications/channels/get",
            },
            Object {
              "label": "cluster:admin/opensearch/notifications/configs/create",
            },
            Object {
              "label": "cluster:admin/opensearch/notifications/configs/delete",
            },
            Object {
              "label": "cluster:admin/opensearch/notifications/configs/get",
            },
            Object {
              "label": "cluster:admin/opensearch/notifications/configs/update",
            },
            Object {
              "label": "cluster:admin/opensearch/notifications/features",
            },
            Object {
              "label": "cluster:admin/opensearch/notifications/feature/send",
            },
            Object {
              "label": "cluster:admin/opensearch/notifications/test_notification",
            },
            Object {
              "label": "cluster:admin/opendistro/rollup/index",
            },
            Object {
              "label": "cluster:admin/opendistro/rollup/get",
            },
            Object {
              "label": "cluster:admin/opendistro/rollup/search",
            },
            Object {
              "label": "cluster:admin/opendistro/rollup/delete",
            },
            Object {
              "label": "cluster:admin/opendistro/rollup/start",
            },
            Object {
              "label": "cluster:admin/opendistro/rollup/stop",
            },
            Object {
              "label": "cluster:admin/opendistro/rollup/explain",
            },
            Object {
              "label": "cluster:admin/opendistro/transform/delete",
            },
            Object {
              "label": "cluster:admin/opendistro/transform/explain",
            },
            Object {
              "label": "cluster:admin/opendistro/transform/get",
            },
            Object {
              "label": "cluster:admin/opendistro/transform/get_transforms",
            },
            Object {
              "label": "cluster:admin/opendistro/transform/index",
            },
            Object {
              "label": "cluster:admin/opendistro/transform/preview",
            },
            Object {
              "label": "cluster:admin/opendistro/transform/start",
            },
            Object {
              "label": "cluster:admin/opendistro/transform/stop",
            },
            Object {
              "label": "cluster:admin/opensearch/snapshot_management/policy/write",
            },
            Object {
              "label": "cluster:admin/opensearch/snapshot_management/policy/get",
            },
            Object {
              "label": "cluster:admin/opensearch/snapshot_management/policy/search",
            },
            Object {
              "label": "cluster:admin/opensearch/snapshot_management/policy/delete",
            },
            Object {
              "label": "cluster:admin/opensearch/snapshot_management/policy/explain",
            },
            Object {
              "label": "cluster:admin/opensearch/snapshot_management/policy/start",
            },
            Object {
              "label": "cluster:admin/opensearch/snapshot_management/policy/stop",
            },
            Object {
              "label": "cluster:admin/opendistro/reports/definition/create",
            },
            Object {
              "label": "cluster:admin/opendistro/reports/definition/update",
            },
            Object {
              "label": "cluster:admin/opendistro/reports/definition/on_demand",
            },
            Object {
              "label": "cluster:admin/opendistro/reports/definition/delete",
            },
            Object {
              "label": "cluster:admin/opendistro/reports/definition/get",
            },
            Object {
              "label": "cluster:admin/opendistro/reports/definition/list",
            },
            Object {
              "label": "cluster:admin/opendistro/reports/instance/list",
            },
            Object {
              "label": "cluster:admin/opendistro/reports/instance/get",
            },
            Object {
              "label": "cluster:admin/opendistro/reports/menu/download",
            },
            Object {
              "label": "cluster:admin/opensearch/ql/datasources/create",
            },
            Object {
              "label": "cluster:admin/opensearch/ql/datasources/read",
            },
            Object {
              "label": "cluster:admin/opensearch/ql/datasources/update",
            },
            Object {
              "label": "cluster:admin/opensearch/ql/datasources/delete",
            },
            Object {
              "label": "cluster:admin/opensearch/ql/datasources/patch",
            },
            Object {
              "label": "cluster:admin/opensearch/ql/async_query/create",
            },
            Object {
              "label": "cluster:admin/opensearch/ql/async_query/result",
            },
            Object {
              "label": "cluster:admin/opensearch/ql/async_query/delete",
            },
            Object {
              "label": "cluster:admin/opensearch/ppl",
            },
            Object {
              "label": "cluster:admin/opensearch/ml/agents/delete",
            },
            Object {
              "label": "cluster:admin/opensearch/ml/agents/get",
            },
            Object {
              "label": "cluster:admin/opensearch/ml/agents/register",
            },
            Object {
              "label": "cluster:admin/opensearch/ml/agents/search",
            },
            Object {
              "label": "cluster:admin/opensearch/ml/config/get",
            },
            Object {
              "label": "cluster:admin/opensearch/ml/create_connector",
            },
            Object {
              "label": "cluster:admin/opensearch/ml/connectors/get",
            },
            Object {
              "label": "cluster:admin/opensearch/ml/connectors/search",
            },
            Object {
              "label": "cluster:admin/opensearch/ml/connectors/update",
            },
            Object {
              "label": "cluster:admin/opensearch/ml/controllers/create",
            },
            Object {
              "label": "cluster:admin/opensearch/ml/controllers/delete",
            },
            Object {
              "label": "cluster:admin/opensearch/ml/controllers/deploy",
            },
            Object {
              "label": "cluster:admin/opensearch/ml/controllers/get",
            },
            Object {
              "label": "cluster:admin/opensearch/ml/controllers/undeploy",
            },
            Object {
              "label": "cluster:admin/opensearch/ml/controllers/update",
            },
            Object {
              "label": "cluster:admin/opensearch/ml/create_model_meta",
            },
            Object {
              "label": "cluster:admin/opensearch/ml/execute",
            },
            Object {
              "label": "cluster:admin/opensearch/ml/deploy_model",
            },
            Object {
              "label": "cluster:admin/opensearch/ml/deploy_model_on_nodes",
            },
            Object {
              "label": "cluster:admin/opensearch/ml/memory/conversation/get",
            },
            Object {
              "label": "cluster:admin/opensearch/ml/memory/conversation/interaction/search",
            },
            Object {
              "label": "cluster:admin/opensearch/ml/memory/conversation/delete",
            },
            Object {
              "label": "cluster:admin/opensearch/ml/memory/conversation/list",
            },
            Object {
              "label": "cluster:admin/opensearch/ml/memory/conversation/search",
            },
            Object {
              "label": "cluster:admin/opensearch/ml/memory/conversation/create",
            },
            Object {
              "label": "cluster:admin/opensearch/ml/memory/conversation/update",
            },
            Object {
              "label": "cluster:admin/opensearch/ml/memory/interaction/create",
            },
            Object {
              "label": "cluster:admin/opensearch/ml/memory/interaction/update",
            },
            Object {
              "label": "cluster:admin/opensearch/ml/memory/interaction/get",
            },
            Object {
              "label": "cluster:admin/opensearch/ml/memory/interaction/list",
            },
            Object {
              "label": "cluster:admin/opensearch/ml/memory/trace/get",
            },
            Object {
              "label": "cluster:admin/opensearch/ml/model_groups/delete",
            },
            Object {
              "label": "cluster:admin/opensearch/ml/model_groups/get",
            },
            Object {
              "label": "cluster:admin/opensearch/ml/model_groups/search",
            },
            Object {
              "label": "cluster:admin/opensearch/ml/register_model_group",
            },
            Object {
              "label": "cluster:admin/opensearch/ml/update_model_group",
            },
            Object {
              "label": "cluster:admin/opensearch/ml/models/delete",
            },
            Object {
              "label": "cluster:admin/opensearch/ml/models/get",
            },
            Object {
              "label": "cluster:admin/opensearch/ml/models/search",
            },
            Object {
              "label": "cluster:admin/opensearch/ml/models/update",
            },
            Object {
              "label": "cluster:admin/opensearch/ml/models/update_cache",
            },
            Object {
              "label": "cluster:admin/opensearch/ml/predict",
            },
            Object {
              "label": "cluster:admin/opensearch/ml/profile/nodes",
            },
            Object {
              "label": "cluster:admin/opensearch/ml/register_model",
            },
            Object {
              "label": "cluster:admin/opensearch/ml/register_model_meta",
            },
            Object {
              "label": "cluster:admin/opensearch/ml/stats/nodes",
            },
            Object {
              "label": "cluster:admin/opensearch/ml/tasks/delete",
            },
            Object {
              "label": "cluster:admin/opensearch/ml/tasks/get",
            },
            Object {
              "label": "cluster:admin/opensearch/ml/tasks/search",
            },
            Object {
              "label": "cluster:admin/opensearch/ml/tools/get",
            },
            Object {
              "label": "cluster:admin/opensearch/ml/tools/list",
            },
            Object {
              "label": "cluster:admin/opensearch/ml/train",
            },
            Object {
              "label": "cluster:admin/opensearch/ml/trainAndPredict",
            },
            Object {
              "label": "cluster:admin/opensearch/ml/undeploy_model",
            },
            Object {
              "label": "cluster:admin/opensearch/ml/undeploy_models",
            },
            Object {
              "label": "cluster:admin/opensearch/ml/upload_model",
            },
            Object {
              "label": "cluster:admin/opensearch/ml/upload_model_chunk",
            },
            Object {
              "label": "cluster:admin/opensearch/mlinternal/forward",
            },
            Object {
              "label": "cluster:admin/opensearch/observability/create",
            },
            Object {
              "label": "cluster:admin/opensearch/observability/delete",
            },
            Object {
              "label": "cluster:admin/opensearch/observability/get",
            },
            Object {
              "label": "cluster:admin/opensearch/observability/update",
            },
            Object {
              "label": "cluster:admin/reindex/rethrottle",
            },
            Object {
              "label": "cluster:admin/repository/_cleanup",
            },
            Object {
              "label": "cluster:admin/repository/delete",
            },
            Object {
              "label": "cluster:admin/repository/get",
            },
            Object {
              "label": "cluster:admin/repository/put",
            },
            Object {
              "label": "cluster:admin/repository/verify",
            },
            Object {
              "label": "cluster:admin/reroute",
            },
            Object {
              "label": "cluster:admin/routing/awareness/weights/delete",
            },
            Object {
              "label": "cluster:admin/routing/awareness/weights/get",
            },
            Object {
              "label": "cluster:admin/routing/awareness/weights/put",
            },
            Object {
              "label": "cluster:admin/script/delete",
            },
            Object {
              "label": "cluster:admin/script/get",
            },
            Object {
              "label": "cluster:admin/script/put",
            },
            Object {
              "label": "cluster:admin/script_context/get",
            },
            Object {
              "label": "cluster:admin/script_language/get",
            },
            Object {
              "label": "cluster:admin/search/pipeline/delete",
            },
            Object {
              "label": "cluster:admin/search/pipeline/get",
            },
            Object {
              "label": "cluster:admin/search/pipeline/put",
            },
            Object {
              "label": "cluster:admin/settings/update",
            },
            Object {
              "label": "cluster:admin/snapshot/create",
            },
            Object {
              "label": "cluster:admin/snapshot/clone",
            },
            Object {
              "label": "cluster:admin/snapshot/delete",
            },
            Object {
              "label": "cluster:admin/snapshot/get",
            },
            Object {
              "label": "cluster:admin/snapshot/restore",
            },
            Object {
              "label": "cluster:admin/snapshot/status",
            },
            Object {
              "label": "cluster:admin/snapshot/status*",
            },
            Object {
              "label": "cluster:admin/tasks/cancel",
            },
            Object {
              "label": "cluster:admin/tasks/test",
            },
            Object {
              "label": "cluster:admin/tasks/testunblock",
            },
            Object {
              "label": "cluster:admin/voting_config/add_exclusions",
            },
            Object {
              "label": "cluster:admin/voting_config/clear_exclusions",
            },
            Object {
              "label": "cluster:monitor/allocation/explain",
            },
            Object {
              "label": "cluster:monitor/health",
            },
            Object {
              "label": "cluster:monitor/main",
            },
            Object {
              "label": "cluster:monitor/nodes/hot_threads",
            },
            Object {
              "label": "cluster:monitor/nodes/info",
            },
            Object {
              "label": "cluster:monitor/nodes/liveness",
            },
            Object {
              "label": "cluster:monitor/nodes/stats",
            },
            Object {
              "label": "cluster:monitor/nodes/usage",
            },
            Object {
              "label": "cluster:monitor/remote/info",
            },
            Object {
              "label": "cluster:monitor/state",
            },
            Object {
              "label": "cluster:monitor/stats",
            },
            Object {
              "label": "cluster:monitor/task",
            },
            Object {
              "label": "cluster:monitor/task/get",
            },
            Object {
              "label": "cluster:monitor/tasks/list",
            },
            Object {
              "label": "cluster:monitor/tasks/list*",
            },
            Object {
              "label": "restapi:admin/actiongroups",
            },
            Object {
              "label": "restapi:admin/allowlist",
            },
            Object {
              "label": "restapi:admin/internalusers",
            },
            Object {
              "label": "restapi:admin/nodesdn",
            },
            Object {
              "label": "restapi:admin/roles",
            },
            Object {
              "label": "restapi:admin/rolesmapping",
            },
            Object {
              "label": "restapi:admin/ssl/certs/info",
            },
            Object {
              "label": "restapi:admin/ssl/certs/reload",
            },
            Object {
              "label": "restapi:admin/tenants",
            },
            Object {
              "label": "indices:admin/template/delete",
            },
            Object {
              "label": "indices:admin/template/get",
            },
            Object {
              "label": "indices:admin/template/put",
            },
            Object {
              "label": "indices:admin/index_template/delete",
            },
            Object {
              "label": "indices:admin/index_template/get",
            },
            Object {
              "label": "indices:admin/index_template/put",
            },
            Object {
              "label": "indices:admin/index_template/simulate",
            },
            Object {
              "label": "indices:admin/index_template/simulate_index",
            },
            Object {
              "label": "indices:data/read/scroll",
            },
            Object {
              "label": "indices:data/read/scroll/clear",
            },
            Object {
              "label": "indices:data/write/bulk",
            },
            Object {
              "label": "indices:data/write/bulk*",
            },
            Object {
              "label": "indices:data/read/mget",
            },
            Object {
              "label": "indices:data/read/mget*",
            },
            Object {
              "label": "indices:data/read/msearch",
            },
            Object {
              "label": "indices:data/read/msearch/template",
            },
            Object {
              "label": "indices:data/read/mtv",
            },
            Object {
              "label": "indices:data/read/mtv*",
            },
            Object {
              "label": "indices:data/read/search/template/render",
            },
            Object {
              "label": "indices:data/write/reindex",
            },
          ],
        },
      ]
    }
    setState={[Function]}
    state={Array []}
  />
  <EuiSpacer
    size="m"
  />
  <IndexPermissionPanel
    optionUniverse={
      Array [
        Object {
          "label": "Index permission groups",
          "options": Array [],
        },
        Object {
          "label": "Other permission groups",
          "options": Array [],
        },
        Object {
          "label": "Index permissions",
          "options": Array [
            Object {
              "label": "indices:admin/aliases",
            },
            Object {
              "label": "indices:admin/aliases/exists",
            },
            Object {
              "label": "indices:admin/aliases/get",
            },
            Object {
              "label": "indices:admin/analyze",
            },
            Object {
              "label": "indices:admin/auto_create",
            },
            Object {
              "label": "indices:admin/block/add",
            },
            Object {
              "label": "indices:admin/cache/clear",
            },
            Object {
              "label": "indices:admin/close",
            },
            Object {
              "label": "indices:admin/close*",
            },
            Object {
              "label": "indices:admin/create",
            },
            Object {
              "label": "indices:admin/data_stream/create",
            },
            Object {
              "label": "indices:admin/data_stream/delete",
            },
            Object {
              "label": "indices:admin/data_stream/get",
            },
            Object {
              "label": "indices:admin/delete",
            },
            Object {
              "label": "indices:admin/exists",
            },
            Object {
              "label": "indices:admin/flush",
            },
            Object {
              "label": "indices:admin/flush*",
            },
            Object {
              "label": "indices:admin/forcemerge",
            },
            Object {
              "label": "indices:admin/get",
            },
            Object {
              "label": "indices:admin/mapping/auto_put",
            },
            Object {
              "label": "indices:admin/mapping/put",
            },
            Object {
              "label": "indices:admin/mappings/fields/get",
            },
            Object {
              "label": "indices:admin/mappings/fields/get*",
            },
            Object {
              "label": "indices:admin/mappings/get",
            },
            Object {
              "label": "indices:admin/open",
            },
            Object {
              "label": "indices:admin/refresh",
            },
            Object {
              "label": "indices:admin/refresh*",
            },
            Object {
              "label": "indices:admin/resize",
            },
            Object {
              "label": "indices:admin/resolve/index",
            },
            Object {
              "label": "indices:admin/rollover",
            },
            Object {
              "label": "indices:admin/seq_no/global_checkpoint_sync",
            },
            Object {
              "label": "indices:admin/seq_no/add_retention_lease",
            },
            Object {
              "label": "indices:admin/seq_no/remove_retention_lease",
            },
            Object {
              "label": "indices:admin/seq_no/renew_retention_lease",
            },
            Object {
              "label": "indices:admin/settings/update",
            },
            Object {
              "label": "indices:admin/shards/search_shards",
            },
            Object {
              "label": "indices:admin/shrink",
            },
            Object {
              "label": "indices:admin/synced_flush",
            },
            Object {
              "label": "indices:admin/types/exists",
            },
            Object {
              "label": "indices:admin/upgrade",
            },
            Object {
              "label": "indices:admin/validate/query",
            },
            Object {
              "label": "indices:data/read/explain",
            },
            Object {
              "label": "indices:data/read/field_caps",
            },
            Object {
              "label": "indices:data/read/field_caps*",
            },
            Object {
              "label": "indices:data/read/get",
            },
            Object {
              "label": "indices:data/read/point_in_time/create",
            },
            Object {
              "label": "indices:data/read/point_in_time/delete",
            },
            Object {
              "label": "indices:data/read/point_in_time/readall",
            },
            Object {
              "label": "indices:data/read/search",
            },
            Object {
              "label": "indices:data/read/search*",
            },
            Object {
              "label": "indices:data/read/search/template",
            },
            Object {
              "label": "indices:data/read/tv",
            },
            Object {
              "label": "indices:data/write/delete",
            },
            Object {
              "label": "indices:data/write/delete/byquery",
            },
            Object {
              "label": "indices:data/write/index",
            },
            Object {
              "label": "indices:data/write/update",
            },
            Object {
              "label": "indices:data/write/update/byquery",
            },
            Object {
              "label": "indices:monitor/data_stream/stats",
            },
            Object {
              "label": "indices:monitor/point_in_time/segments",
            },
            Object {
              "label": "indices:monitor/recovery",
            },
            Object {
              "label": "indices:monitor/segments",
            },
            Object {
              "label": "indices:monitor/settings/get",
            },
            Object {
              "label": "indices:monitor/shard_stores",
            },
            Object {
              "label": "indices:monitor/stats",
            },
            Object {
              "label": "indices:monitor/upgrade",
            },
            Object {
              "label": "system:admin/system_index",
            },
          ],
        },
      ]
    }
    setState={[Function]}
    state={Array []}
  />
  <EuiSpacer
    size="m"
  />
  <TenantPanel
    optionUniverse={Array []}
    setState={[Function]}
    state={Array []}
  />
  <EuiSpacer
    size="m"
  />
  <EuiFlexGroup
    justifyContent="flexEnd"
  >
    <EuiFlexItem
      grow={false}
    >
      <EuiButton
        onClick={[Function]}
      >
        Cancel
      </EuiButton>
    </EuiFlexItem>
    <EuiFlexItem
      grow={false}
    >
      <EuiButton
        data-test-subj="create-or-update-role"
        disabled={false}
        fill={true}
        onClick={[Function]}
      >
        Create
      </EuiButton>
    </EuiFlexItem>
  </EuiFlexGroup>
  <EuiGlobalToastList
    dismissToast={[Function]}
    side="right"
    toastLifeTimeMs={10000}
    toasts={Array []}
  />
</Fragment>
`;
