// Jest Snapshot v1, https://goo.gl/fbAQLP

exports[`Auth view should load access error component 1`] = `
<Fragment>
  <Memo()
    coreStart={
      Object {
        "http": 1,
      }
    }
    dataSourcePickerReadOnly={false}
    depsStart={
      Object {
        "navigation": Object {},
      }
    }
    selectedDataSource={
      Object {
        "id": "test",
      }
    }
    setDataSource={[MockFunction]}
  />
  <PageHeader
    coreStart={
      Object {
        "http": 1,
      }
    }
    fallBackComponent={
      <EuiTitle
        size="l"
      >
        <h1>
          Authentication and authorization
        </h1>
      </EuiTitle>
    }
    navigation={Object {}}
  />
  <AccessErrorComponent
    loading={false}
  />
</Fragment>
`;
